// Jest Snapshot v1, https://goo.gl/fbAQLP

exports[`License component renders correctly 1`] = `
<div
  className="license-box"
>
  <label
    className="checkbox"
  >
    <input
      checked={false}
      id="mit"
      name="mit"
      onChange={[MockFunction]}
      type="checkbox"
    />
    mit
  </label>
</div>
`;
